[27832:14516:0801/203255.050:WARNING:chrome_main_delegate.cc(745)] This is Chrome version 128.0.6613.138 (not a warning)
[27832:14516:0801/203255.130:WARNING:account_consistency_mode_manager.cc(77)] Desktop Identity Consistency cannot be enabled as no OAuth client ID and client secret have been configured.
[27832:42528:0801/203258.516:WARNING:leveldb_database.cc(141)] Unable to open C:\Users\Admin\Documents\GitHub\GLDReadyOrNot\Saved\webcache_6613\Default\shared_proto_db\metadata: IO error: C:\Users\Admin\Documents\GitHub\GLDReadyOrNot\Saved\webcache_6613\Default\shared_proto_db\metadata/MANIFEST-000001: Unable to create sequential file (ChromeMethodBFE: 7::NewSequentialFile::1)
[27832:42528:0801/203258.520:WARNING:leveldb_database.cc(141)] Unable to open C:\Users\Admin\Documents\GitHub\GLDReadyOrNot\Saved\webcache_6613\Default\shared_proto_db\metadata: IO error: C:\Users\Admin\Documents\GitHub\GLDReadyOrNot\Saved\webcache_6613\Default\shared_proto_db\metadata/MANIFEST-000001: Unable to create sequential file (ChromeMethodBFE: 7::NewSequentialFile::1)
[27832:42528:0801/203258.523:WARNING:leveldb_database.cc(141)] Unable to open C:\Users\Admin\Documents\GitHub\GLDReadyOrNot\Saved\webcache_6613\Default\shared_proto_db\metadata: IO error: C:\Users\Admin\Documents\GitHub\GLDReadyOrNot\Saved\webcache_6613\Default\shared_proto_db\metadata/MANIFEST-000001: Unable to create sequential file (ChromeMethodBFE: 7::NewSequentialFile::1)
[27832:42528:0801/203258.526:WARNING:leveldb_database.cc(141)] Unable to open C:\Users\Admin\Documents\GitHub\GLDReadyOrNot\Saved\webcache_6613\Default\shared_proto_db\metadata: IO error: C:\Users\Admin\Documents\GitHub\GLDReadyOrNot\Saved\webcache_6613\Default\shared_proto_db\metadata/MANIFEST-000001: Unable to create sequential file (ChromeMethodBFE: 7::NewSequentialFile::1)
[28328:14416:0801/203259.158:ERROR:backend_impl.cc(989)] Critical error found -8
[27832:42528:0801/203259.166:WARNING:value_store_frontend.cc(47)] Reading ahfgeienlihckogmohjhadlkjgocpleb.alarms from  failed: IO error: .../MANIFEST-000001: Unable to create sequential file (ChromeMethodBFE: 7::NewSequentialFile::1)
[27832:42528:0801/203259.175:WARNING:value_store_frontend.cc(47)] Reading mhjfbmdgcfjbbpaeojofohoefgiehjai.alarms from  failed: IO error: .../MANIFEST-000001: Unable to create sequential file (ChromeMethodBFE: 7::NewSequentialFile::1)
[28328:14416:0801/203259.204:WARNING:storage_block-inl.h(138)] Failed data load.
[28328:14416:0801/203259.204:WARNING:storage_block-inl.h(138)] Failed data load.
[28328:14416:0801/203259.208:WARNING:storage_block-inl.h(138)] Failed data load.
[28328:14416:0801/203259.210:ERROR:entry_impl.cc(955)] Failed to save user data
[28328:14416:0801/203259.210:ERROR:entry_impl.cc(955)] Failed to save user data
[13852:39872:0801/203259.297:WARNING:frame_impl.cc(430)] virtual CefFrameImpl::SendProcessMessage sent to detached frame 5-14D9FA2262EBD3ED7678C929DBDCE4B3 will be ignored
[4368:15624:0801/203300.898:WARNING:codec.cc(525)] Explicitly added H264 constrained baseline to list of supported formats.
[4368:34732:0801/203300.914:WARNING:codec.cc(525)] Explicitly added H264 constrained baseline to list of supported formats.
[4368:34732:0801/203300.914:WARNING:codec.cc(525)] Explicitly added H264 constrained baseline to list of supported formats.
[4368:34732:0801/203300.914:WARNING:codec.cc(525)] Explicitly added H264 constrained baseline to list of supported formats.
[28328:34300:0801/203301.028:WARNING:host_resolver_dns_task.cc(863)] Address list empty after RFC3484 sort
[28328:34300:0801/203301.028:WARNING:host_resolver_dns_task.cc(863)] Address list empty after RFC3484 sort
[28328:34300:0801/203301.030:WARNING:host_resolver_dns_task.cc(863)] Address list empty after RFC3484 sort
[28328:34300:0801/203301.032:ERROR:socket_manager.cc(147)] Failed to resolve address for stun.l.google.com., errorcode: -105
[28328:34300:0801/203301.032:ERROR:socket_manager.cc(147)] Failed to resolve address for stun.l.google.com., errorcode: -105
[28328:34300:0801/203301.032:ERROR:socket_manager.cc(147)] Failed to resolve address for stun.l.google.com., errorcode: -105
[28328:34300:0801/203301.032:ERROR:socket_manager.cc(147)] Failed to resolve address for stun.cloudflare.com., errorcode: -105
[28328:34300:0801/203301.032:ERROR:socket_manager.cc(147)] Failed to resolve address for stun.cloudflare.com., errorcode: -105
[28328:34300:0801/203301.032:ERROR:socket_manager.cc(147)] Failed to resolve address for stun.cloudflare.com., errorcode: -105
[28328:34300:0801/203301.032:ERROR:socket_manager.cc(147)] Failed to resolve address for stun1.l.google.com., errorcode: -105
[28328:34300:0801/203301.032:ERROR:socket_manager.cc(147)] Failed to resolve address for stun1.l.google.com., errorcode: -105
[28328:34300:0801/203301.032:ERROR:socket_manager.cc(147)] Failed to resolve address for stun1.l.google.com., errorcode: -105
[4368:34732:0801/203301.034:WARNING:stun_port.cc(442)] Port[1018c00:0:1:0:host:Net[any:0:0:0:x:x:x:x:x/0:Wildcard:id=0]]: StunPort: stun host lookup received error -1
[4368:34732:0801/203301.034:WARNING:stun_port.cc(442)] Port[1019400:1:1:0:host:Net[any:0:0:0:x:x:x:x:x/0:Wildcard:id=0]]: StunPort: stun host lookup received error -1
[4368:34732:0801/203301.034:WARNING:stun_port.cc(442)] Port[1019c00:2:1:0:host:Net[any:0:0:0:x:x:x:x:x/0:Wildcard:id=0]]: StunPort: stun host lookup received error -1
[4368:34732:0801/203301.034:WARNING:stun_port.cc(442)] Port[1018c00:0:1:0:host:Net[any:0:0:0:x:x:x:x:x/0:Wildcard:id=0]]: StunPort: stun host lookup received error -1
[4368:34732:0801/203301.034:WARNING:stun_port.cc(442)] Port[1019400:1:1:0:host:Net[any:0:0:0:x:x:x:x:x/0:Wildcard:id=0]]: StunPort: stun host lookup received error -1
[4368:34732:0801/203301.034:WARNING:stun_port.cc(442)] Port[1019c00:2:1:0:host:Net[any:0:0:0:x:x:x:x:x/0:Wildcard:id=0]]: StunPort: stun host lookup received error -1
[4368:34732:0801/203301.034:WARNING:stun_port.cc(442)] Port[1018c00:0:1:0:host:Net[any:0:0:0:x:x:x:x:x/0:Wildcard:id=0]]: StunPort: stun host lookup received error -1
[4368:34732:0801/203301.034:WARNING:stun_port.cc(442)] Port[1019400:1:1:0:host:Net[any:0:0:0:x:x:x:x:x/0:Wildcard:id=0]]: StunPort: stun host lookup received error -1
[4368:34732:0801/203301.034:WARNING:stun_port.cc(442)] Port[1019c00:2:1:0:host:Net[any:0:0:0:x:x:x:x:x/0:Wildcard:id=0]]: StunPort: stun host lookup received error -1
[27832:23012:0801/203302.330:WARNING:browser_info.cc(345)] Returning a speculative frame for [7,9]
[27832:23012:0801/203302.868:ERROR:cast_crl.cc(443)] CRL - Verification failed.
[27832:14516:0801/203302.994:WARNING:browser_info.cc(345)] Returning a speculative frame for [9,9]
[27832:14516:0801/203302.994:WARNING:browser_info.cc(345)] Returning a speculative frame for [9,9]
[27832:14516:0801/203302.994:WARNING:browser_info.cc(345)] Returning a speculative frame for [9,9]
[27832:14516:0801/203302.994:WARNING:browser_info.cc(345)] Returning a speculative frame for [9,9]
[27832:23012:0801/203302.998:WARNING:browser_info.cc(345)] Returning a speculative frame for [9,9]
[13364:24288:0801/203304.329:WARNING:codec.cc(525)] Explicitly added H264 constrained baseline to list of supported formats.
[13364:51768:0801/203304.368:WARNING:codec.cc(525)] Explicitly added H264 constrained baseline to list of supported formats.
[13364:51768:0801/203304.368:WARNING:codec.cc(525)] Explicitly added H264 constrained baseline to list of supported formats.
[13364:51768:0801/203304.368:WARNING:codec.cc(525)] Explicitly added H264 constrained baseline to list of supported formats.
[28328:34300:0801/203304.676:WARNING:host_resolver_dns_task.cc(863)] Address list empty after RFC3484 sort
[28328:34300:0801/203304.676:WARNING:host_resolver_dns_task.cc(863)] Address list empty after RFC3484 sort
[28328:34300:0801/203304.676:WARNING:host_resolver_dns_task.cc(863)] Address list empty after RFC3484 sort
[28328:34300:0801/203304.676:ERROR:socket_manager.cc(147)] Failed to resolve address for stun.cloudflare.com., errorcode: -105
[28328:34300:0801/203304.676:ERROR:socket_manager.cc(147)] Failed to resolve address for stun.cloudflare.com., errorcode: -105
[28328:34300:0801/203304.676:ERROR:socket_manager.cc(147)] Failed to resolve address for stun.cloudflare.com., errorcode: -105
[28328:34300:0801/203304.676:ERROR:socket_manager.cc(147)] Failed to resolve address for stun.l.google.com., errorcode: -105
[28328:34300:0801/203304.676:ERROR:socket_manager.cc(147)] Failed to resolve address for stun.l.google.com., errorcode: -105
[28328:34300:0801/203304.676:ERROR:socket_manager.cc(147)] Failed to resolve address for stun.l.google.com., errorcode: -105
[28328:34300:0801/203304.676:ERROR:socket_manager.cc(147)] Failed to resolve address for stun1.l.google.com., errorcode: -105
[28328:34300:0801/203304.676:ERROR:socket_manager.cc(147)] Failed to resolve address for stun1.l.google.com., errorcode: -105
[28328:34300:0801/203304.676:ERROR:socket_manager.cc(147)] Failed to resolve address for stun1.l.google.com., errorcode: -105
[13364:51768:0801/203304.676:WARNING:stun_port.cc(442)] Port[129d000:0:1:0:host:Net[any:0:0:0:x:x:x:x:x/0:Wildcard:id=0]]: StunPort: stun host lookup received error -1
[13364:51768:0801/203304.676:WARNING:stun_port.cc(442)] Port[129d800:1:1:0:host:Net[any:0:0:0:x:x:x:x:x/0:Wildcard:id=0]]: StunPort: stun host lookup received error -1
[13364:51768:0801/203304.676:WARNING:stun_port.cc(442)] Port[129e000:2:1:0:host:Net[any:0:0:0:x:x:x:x:x/0:Wildcard:id=0]]: StunPort: stun host lookup received error -1
[13364:51768:0801/203304.676:WARNING:stun_port.cc(442)] Port[129d000:0:1:0:host:Net[any:0:0:0:x:x:x:x:x/0:Wildcard:id=0]]: StunPort: stun host lookup received error -1
[13364:51768:0801/203304.676:WARNING:stun_port.cc(442)] Port[129d800:1:1:0:host:Net[any:0:0:0:x:x:x:x:x/0:Wildcard:id=0]]: StunPort: stun host lookup received error -1
[13364:51768:0801/203304.676:WARNING:stun_port.cc(442)] Port[129e000:2:1:0:host:Net[any:0:0:0:x:x:x:x:x/0:Wildcard:id=0]]: StunPort: stun host lookup received error -1
[13364:51768:0801/203304.676:WARNING:stun_port.cc(442)] Port[129d000:0:1:0:host:Net[any:0:0:0:x:x:x:x:x/0:Wildcard:id=0]]: StunPort: stun host lookup received error -1
[13364:51768:0801/203304.676:WARNING:stun_port.cc(442)] Port[129d800:1:1:0:host:Net[any:0:0:0:x:x:x:x:x/0:Wildcard:id=0]]: StunPort: stun host lookup received error -1
[13364:51768:0801/203304.676:WARNING:stun_port.cc(442)] Port[129e000:2:1:0:host:Net[any:0:0:0:x:x:x:x:x/0:Wildcard:id=0]]: StunPort: stun host lookup received error -1
[13364:24288:0801/203305.716:WARNING:codec.cc(525)] Explicitly added H264 constrained baseline to list of supported formats.
[27832:14516:0801/203437.727:WARNING:pref_notifier_impl.cc(41)] Pref observer for media_router.cast_allow_all_ips found at shutdown.
